>>> getRedshiftByTargetID(39628525115806100)
-0.00199569129234795

>>> getRedshiftByTargetID(-22)
Traceback (most recent call last):
    ...
ValueError: Target ID -22 is invalid


>>> getRedshiftsByTileID(123, z_min=0.5, z_max=1.0, limit=10)
[(39628433243771515, 0.558425506831635), (39628438595700328, 0.97135825176176), (39628427887641716, 0.512680551010025), (39628438599895678, 0.544211261060125), (39628438599893886, 0.577845438915007), (39628443943441339, 0.508753340778544), (39628443943441235, 0.553994436134818), (1070759489306628, 0.954771697564298), (39628470426273307, 0.534070688069783), (39628470422081330, 0.501235998506096)]
    

>>> getRedshiftsByTileID(123, spectype='STAR', subtype='M', limit=10)
[(39628449261817379, -3.92092536748975e-05), (39628454567609737, -2.46014873234241e-05), (39628438591508484, -4.79521380679672e-05), (39628433247965493, -0.000192353579492389), (39628443935050687, 4.2767521785081e-05), (39628427887643706, -7.1583804314233e-05), (39628438604088552, -7.19610566135322e-05), (39628438604088190, -4.78795443754323e-05), (39628438595700770, 5.6192008215555e-06), (39628438587315711, 6.22896195250942e-05)]
    
>>> getRedshiftsByTileID(123, spectype='invalid')
Traceback (most recent call last):
    ...
ValueError: Spectype invalid is not valid. Choose from available spectypes: ...

>>> getRedshiftsByTileID(123, subtype='P')
Traceback (most recent call last):
    ...
ValueError: Subtype P is not valid. Choose from available subtypes: ...

>>> getRedshiftsByTileID(0)
Traceback (most recent call last):
    ...
ValueError: Tile ID 0 is invalid


>>> getRedshiftsByHEALPix(2152)[:3]
[(39628473202901626, 0.328420158070051), (39628473198711342, -0.00199569129234795), (39628473198710603, 0.804205874112604)]

>>> getRedshiftsByHEALPix(2152, z_min=0.5, z_max=1.0, limit=3)
[(39628473198710603, 0.804205874112604), (39628478449979314, 0.560197170373784), (39628473202901028, 0.665799925748929)]

>>> getRedshiftsByHEALPix(2152, spectype='GALAXY', limit=10)
[(39628473202901626, 0.328420158070051), (39628473198710603, 0.804205874112604), (39628473198711925, 0.390724401644503), (39628478454171349, 1.00700912288369), (39628478449979314, 0.560197170373784), (39628473202901028, 0.665799925748929), (39628478449979912, 0.897580771120624), (39628473202901945, 0.3549925692395), (39628473202902855, 0.426333365734764), (39628473202904338, 0.803378317764955)]

>>> getRedshiftsByHEALPix(2152, spectype='invalid')
Traceback (most recent call last):
    ...
ValueError: Spectype invalid is not valid. Choose from available spectypes: ...

>>> getRedshiftsByHEALPix(2152, subtype='P')
Traceback (most recent call last):
    ...
ValueError: Subtype P is not valid. Choose from available subtypes: ...

>>> getRedshiftsByHEALPix(0)
Traceback (most recent call last):
    ...
ValueError: HEALPix 0 is invalid

>>> getRedshiftsByHEALPix(2152, start=3, end=10)
[(39628473198711925, 0.390724401644503), (1152921504619435582, 9.8335838129404e-05), (39628478454171349, 1.00700912288369), (1152921504619432614, 1.1294203675694), (39628478454170137, 2.43791215774915), (39628478449979314, 0.560197170373784), (39628478449979760, 1.52844698393895)]
    
 
>>> getRedshiftsByRADEC(178, 28, 0.2)
[(39628438369209963, 178.20296293969, 28.0457875134468, -0.00199569129234795), (39628438369210160, 178.211062108015, 28.0054208609781, 1.55448584232623)]

>>> getRedshiftsByRADEC(178, 28, radius=0.5, start=4, end=9)
[(39628433021473208, 178.23765824914, 27.6739955274365, -0.00199569129234795), (39628433025663044, 178.309078112161, 27.6828677883659, 0.7155438419203), (39628433021474270, 178.286060740518, 27.7042556825055, 0.628799192474037), (39628433025663516, 178.329472072971, 27.6610845536287, -0.00199569129234795), (39628433025664655, 178.385037490376, 27.6532043820669, 0.459485783407911)]
    